Archive member included to satisfy reference by file (symbol)

c:/program files (x86)/atmel/studio/7.0/toolchain/avr8/avr8-gnu-toolchain/bin/../lib/gcc/avr/4.9.2/avrxmega2\libgcc.a(_exit.o)
                              C:/Program Files (x86)/Atmel/Studio/7.0/Packs/atmel/XMEGAD_DFP/1.0.29/gcc/dev/atxmega32d4/avrxmega2/crtatxmega32d4.o (exit)

Discarded input sections

 .data          0x00000000        0x0 C:/Program Files (x86)/Atmel/Studio/7.0/Packs/atmel/XMEGAD_DFP/1.0.29/gcc/dev/atxmega32d4/avrxmega2/crtatxmega32d4.o
 .bss           0x00000000        0x0 C:/Program Files (x86)/Atmel/Studio/7.0/Packs/atmel/XMEGAD_DFP/1.0.29/gcc/dev/atxmega32d4/avrxmega2/crtatxmega32d4.o
 .group         0x00000000        0x8 src/ASF/common/services/ioport/xmega/ioport_compat.o
 .group         0x00000000        0x8 src/ASF/common/services/ioport/xmega/ioport_compat.o
 .group         0x00000000        0x8 src/ASF/common/services/ioport/xmega/ioport_compat.o
 .group         0x00000000        0x8 src/ASF/common/services/ioport/xmega/ioport_compat.o
 .group         0x00000000        0x8 src/ASF/common/services/ioport/xmega/ioport_compat.o
 .group         0x00000000        0x8 src/ASF/common/services/ioport/xmega/ioport_compat.o
 .group         0x00000000        0x8 src/ASF/common/services/ioport/xmega/ioport_compat.o
 .group         0x00000000        0x8 src/ASF/common/services/ioport/xmega/ioport_compat.o
 .group         0x00000000        0x8 src/ASF/common/services/ioport/xmega/ioport_compat.o
 .group         0x00000000        0x8 src/ASF/common/services/ioport/xmega/ioport_compat.o
 .group         0x00000000        0x8 src/ASF/common/services/ioport/xmega/ioport_compat.o
 .group         0x00000000        0x8 src/ASF/common/services/ioport/xmega/ioport_compat.o
 .group         0x00000000        0x8 src/ASF/common/services/ioport/xmega/ioport_compat.o
 .group         0x00000000        0x8 src/ASF/common/services/ioport/xmega/ioport_compat.o
 .group         0x00000000        0x8 src/ASF/common/services/ioport/xmega/ioport_compat.o
 .group         0x00000000        0x8 src/ASF/common/services/ioport/xmega/ioport_compat.o
 .group         0x00000000        0x8 src/ASF/common/services/ioport/xmega/ioport_compat.o
 .group         0x00000000        0x8 src/ASF/common/services/ioport/xmega/ioport_compat.o
 .group         0x00000000        0x8 src/ASF/common/services/ioport/xmega/ioport_compat.o
 .group         0x00000000        0x8 src/ASF/common/services/ioport/xmega/ioport_compat.o
 .group         0x00000000        0x8 src/ASF/common/services/ioport/xmega/ioport_compat.o
 .group         0x00000000        0x8 src/ASF/common/services/ioport/xmega/ioport_compat.o
 .group         0x00000000        0x8 src/ASF/common/services/ioport/xmega/ioport_compat.o
 .group         0x00000000        0x8 src/ASF/common/services/ioport/xmega/ioport_compat.o
 .group         0x00000000        0x8 src/ASF/common/services/ioport/xmega/ioport_compat.o
 .group         0x00000000        0x8 src/ASF/common/services/ioport/xmega/ioport_compat.o
 .group         0x00000000        0x8 src/ASF/common/services/ioport/xmega/ioport_compat.o
 .group         0x00000000        0x8 src/ASF/common/services/ioport/xmega/ioport_compat.o
 .group         0x00000000        0x8 src/ASF/common/services/ioport/xmega/ioport_compat.o
 .group         0x00000000        0x8 src/ASF/common/services/ioport/xmega/ioport_compat.o
 .group         0x00000000        0x8 src/ASF/common/services/ioport/xmega/ioport_compat.o
 .group         0x00000000        0x8 src/ASF/common/services/ioport/xmega/ioport_compat.o
 .group         0x00000000        0x8 src/ASF/common/services/ioport/xmega/ioport_compat.o
 .text          0x00000000        0x0 src/ASF/common/services/ioport/xmega/ioport_compat.o
 .data          0x00000000        0x0 src/ASF/common/services/ioport/xmega/ioport_compat.o
 .bss           0x00000000        0x0 src/ASF/common/services/ioport/xmega/ioport_compat.o
 .group         0x00000000        0x8 src/ASF/xmega/boards/stk600/rc044x/init.o
 .group         0x00000000        0x8 src/ASF/xmega/boards/stk600/rc044x/init.o
 .group         0x00000000        0x8 src/ASF/xmega/boards/stk600/rc044x/init.o
 .group         0x00000000        0x8 src/ASF/xmega/boards/stk600/rc044x/init.o
 .group         0x00000000        0x8 src/ASF/xmega/boards/stk600/rc044x/init.o
 .group         0x00000000        0x8 src/ASF/xmega/boards/stk600/rc044x/init.o
 .group         0x00000000        0x8 src/ASF/xmega/boards/stk600/rc044x/init.o
 .group         0x00000000        0x8 src/ASF/xmega/boards/stk600/rc044x/init.o
 .group         0x00000000        0x8 src/ASF/xmega/boards/stk600/rc044x/init.o
 .group         0x00000000        0x8 src/ASF/xmega/boards/stk600/rc044x/init.o
 .group         0x00000000        0x8 src/ASF/xmega/boards/stk600/rc044x/init.o
 .group         0x00000000        0x8 src/ASF/xmega/boards/stk600/rc044x/init.o
 .group         0x00000000        0x8 src/ASF/xmega/boards/stk600/rc044x/init.o
 .group         0x00000000        0x8 src/ASF/xmega/boards/stk600/rc044x/init.o
 .group         0x00000000        0x8 src/ASF/xmega/boards/stk600/rc044x/init.o
 .group         0x00000000        0x8 src/ASF/xmega/boards/stk600/rc044x/init.o
 .group         0x00000000        0x8 src/ASF/xmega/boards/stk600/rc044x/init.o
 .group         0x00000000        0x8 src/ASF/xmega/boards/stk600/rc044x/init.o
 .group         0x00000000        0x8 src/ASF/xmega/boards/stk600/rc044x/init.o
 .group         0x00000000        0x8 src/ASF/xmega/boards/stk600/rc044x/init.o
 .group         0x00000000        0x8 src/ASF/xmega/boards/stk600/rc044x/init.o
 .group         0x00000000        0x8 src/ASF/xmega/boards/stk600/rc044x/init.o
 .group         0x00000000        0x8 src/ASF/xmega/boards/stk600/rc044x/init.o
 .group         0x00000000        0x8 src/ASF/xmega/boards/stk600/rc044x/init.o
 .group         0x00000000        0x8 src/ASF/xmega/boards/stk600/rc044x/init.o
 .group         0x00000000        0x8 src/ASF/xmega/boards/stk600/rc044x/init.o
 .group         0x00000000        0x8 src/ASF/xmega/boards/stk600/rc044x/init.o
 .group         0x00000000        0x8 src/ASF/xmega/boards/stk600/rc044x/init.o
 .group         0x00000000        0x8 src/ASF/xmega/boards/stk600/rc044x/init.o
 .group         0x00000000        0x8 src/ASF/xmega/boards/stk600/rc044x/init.o
 .group         0x00000000        0x8 src/ASF/xmega/boards/stk600/rc044x/init.o
 .group         0x00000000        0x8 src/ASF/xmega/boards/stk600/rc044x/init.o
 .group         0x00000000        0x8 src/ASF/xmega/boards/stk600/rc044x/init.o
 .group         0x00000000        0x8 src/ASF/xmega/boards/stk600/rc044x/init.o
 .group         0x00000000        0x8 src/ASF/xmega/boards/stk600/rc044x/init.o
 .text          0x00000000        0x0 src/ASF/xmega/boards/stk600/rc044x/init.o
 .data          0x00000000        0x0 src/ASF/xmega/boards/stk600/rc044x/init.o
 .bss           0x00000000        0x0 src/ASF/xmega/boards/stk600/rc044x/init.o
 .debug_macro   0x00000000      0xa5a src/ASF/xmega/boards/stk600/rc044x/init.o
 .debug_macro   0x00000000       0x10 src/ASF/xmega/boards/stk600/rc044x/init.o
 .debug_macro   0x00000000      0x1ad src/ASF/xmega/boards/stk600/rc044x/init.o
 .debug_macro   0x00000000      0x293 src/ASF/xmega/boards/stk600/rc044x/init.o
 .debug_macro   0x00000000       0x9e src/ASF/xmega/boards/stk600/rc044x/init.o
 .debug_macro   0x00000000     0x3c48 src/ASF/xmega/boards/stk600/rc044x/init.o
 .debug_macro   0x00000000       0x9a src/ASF/xmega/boards/stk600/rc044x/init.o
 .debug_macro   0x00000000       0xf1 src/ASF/xmega/boards/stk600/rc044x/init.o
 .debug_macro   0x00000000       0x34 src/ASF/xmega/boards/stk600/rc044x/init.o
 .debug_macro   0x00000000       0x10 src/ASF/xmega/boards/stk600/rc044x/init.o
 .debug_macro   0x00000000       0x18 src/ASF/xmega/boards/stk600/rc044x/init.o
 .debug_macro   0x00000000       0x5e src/ASF/xmega/boards/stk600/rc044x/init.o
 .debug_macro   0x00000000       0x10 src/ASF/xmega/boards/stk600/rc044x/init.o
 .debug_macro   0x00000000       0x22 src/ASF/xmega/boards/stk600/rc044x/init.o
 .debug_macro   0x00000000      0x166 src/ASF/xmega/boards/stk600/rc044x/init.o
 .debug_macro   0x00000000       0x1c src/ASF/xmega/boards/stk600/rc044x/init.o
 .debug_macro   0x00000000       0x35 src/ASF/xmega/boards/stk600/rc044x/init.o
 .debug_macro   0x00000000       0x66 src/ASF/xmega/boards/stk600/rc044x/init.o
 .debug_macro   0x00000000      0x621 src/ASF/xmega/boards/stk600/rc044x/init.o
 .debug_macro   0x00000000       0x97 src/ASF/xmega/boards/stk600/rc044x/init.o
 .debug_macro   0x00000000       0x17 src/ASF/xmega/boards/stk600/rc044x/init.o
 .debug_macro   0x00000000      0x250 src/ASF/xmega/boards/stk600/rc044x/init.o
 .debug_macro   0x00000000       0x76 src/ASF/xmega/boards/stk600/rc044x/init.o
 .debug_macro   0x00000000       0x16 src/ASF/xmega/boards/stk600/rc044x/init.o
 .debug_macro   0x00000000      0x6e3 src/ASF/xmega/boards/stk600/rc044x/init.o
 .debug_macro   0x00000000       0x10 src/ASF/xmega/boards/stk600/rc044x/init.o
 .debug_macro   0x00000000      0x175 src/ASF/xmega/boards/stk600/rc044x/init.o
 .debug_macro   0x00000000       0x40 src/ASF/xmega/boards/stk600/rc044x/init.o
 .debug_macro   0x00000000       0x69 src/ASF/xmega/boards/stk600/rc044x/init.o
 .debug_macro   0x00000000       0x32 src/ASF/xmega/boards/stk600/rc044x/init.o
 .debug_macro   0x00000000       0xe4 src/ASF/xmega/boards/stk600/rc044x/init.o
 .debug_macro   0x00000000       0x7c src/ASF/xmega/boards/stk600/rc044x/init.o
 .debug_macro   0x00000000      0x109 src/ASF/xmega/boards/stk600/rc044x/init.o
 .group         0x00000000        0x8 src/main.o
 .group         0x00000000        0x8 src/main.o
 .group         0x00000000        0x8 src/main.o
 .group         0x00000000        0x8 src/main.o
 .group         0x00000000        0x8 src/main.o
 .group         0x00000000        0x8 src/main.o
 .group         0x00000000        0x8 src/main.o
 .group         0x00000000        0x8 src/main.o
 .group         0x00000000        0x8 src/main.o
 .group         0x00000000        0x8 src/main.o
 .group         0x00000000        0x8 src/main.o
 .group         0x00000000        0x8 src/main.o
 .group         0x00000000        0x8 src/main.o
 .group         0x00000000        0x8 src/main.o
 .group         0x00000000        0x8 src/main.o
 .group         0x00000000        0x8 src/main.o
 .group         0x00000000        0x8 src/main.o
 .group         0x00000000        0x8 src/main.o
 .group         0x00000000        0x8 src/main.o
 .group         0x00000000        0x8 src/main.o
 .group         0x00000000        0x8 src/main.o
 .group         0x00000000        0x8 src/main.o
 .group         0x00000000        0x8 src/main.o
 .group         0x00000000        0x8 src/main.o
 .group         0x00000000        0x8 src/main.o
 .group         0x00000000        0x8 src/main.o
 .group         0x00000000        0x8 src/main.o
 .group         0x00000000        0x8 src/main.o
 .group         0x00000000        0x8 src/main.o
 .group         0x00000000        0x8 src/main.o
 .group         0x00000000        0x8 src/main.o
 .group         0x00000000        0x8 src/main.o
 .group         0x00000000        0x8 src/main.o
 .group         0x00000000        0x8 src/main.o
 .group         0x00000000        0x8 src/main.o
 .group         0x00000000        0x8 src/main.o
 .group         0x00000000        0x8 src/main.o
 .group         0x00000000        0x8 src/main.o
 .text          0x00000000        0x0 src/main.o
 .data          0x00000000        0x0 src/main.o
 .bss           0x00000000        0x0 src/main.o
 .debug_macro   0x00000000      0xa5a src/main.o
 .debug_macro   0x00000000      0x621 src/main.o
 .debug_macro   0x00000000       0x10 src/main.o
 .debug_macro   0x00000000      0x1ad src/main.o
 .debug_macro   0x00000000      0x293 src/main.o
 .debug_macro   0x00000000       0x9e src/main.o
 .debug_macro   0x00000000     0x3c48 src/main.o
 .debug_macro   0x00000000       0x9a src/main.o
 .debug_macro   0x00000000       0xf1 src/main.o
 .debug_macro   0x00000000       0x34 src/main.o
 .debug_macro   0x00000000       0x10 src/main.o
 .debug_macro   0x00000000       0x18 src/main.o
 .debug_macro   0x00000000       0x5e src/main.o
 .debug_macro   0x00000000       0x10 src/main.o
 .debug_macro   0x00000000       0x22 src/main.o
 .debug_macro   0x00000000      0x166 src/main.o
 .debug_macro   0x00000000       0x1c src/main.o
 .debug_macro   0x00000000       0x35 src/main.o
 .debug_macro   0x00000000       0x66 src/main.o
 .debug_macro   0x00000000       0x97 src/main.o
 .debug_macro   0x00000000       0x17 src/main.o
 .debug_macro   0x00000000      0x250 src/main.o
 .debug_macro   0x00000000       0x76 src/main.o
 .debug_macro   0x00000000       0x16 src/main.o
 .debug_macro   0x00000000      0x6e3 src/main.o
 .debug_macro   0x00000000       0x10 src/main.o
 .debug_macro   0x00000000      0x175 src/main.o
 .debug_macro   0x00000000       0x40 src/main.o
 .debug_macro   0x00000000       0x69 src/main.o
 .debug_macro   0x00000000       0x32 src/main.o
 .debug_macro   0x00000000       0xe4 src/main.o
 .debug_macro   0x00000000       0x7c src/main.o
 .debug_macro   0x00000000      0x109 src/main.o
 .debug_macro   0x00000000       0x94 src/main.o
 .text          0x00000000        0x0 c:/program files (x86)/atmel/studio/7.0/toolchain/avr8/avr8-gnu-toolchain/bin/../lib/gcc/avr/4.9.2/avrxmega2\libgcc.a(_exit.o)
 .data          0x00000000        0x0 c:/program files (x86)/atmel/studio/7.0/toolchain/avr8/avr8-gnu-toolchain/bin/../lib/gcc/avr/4.9.2/avrxmega2\libgcc.a(_exit.o)
 .bss           0x00000000        0x0 c:/program files (x86)/atmel/studio/7.0/toolchain/avr8/avr8-gnu-toolchain/bin/../lib/gcc/avr/4.9.2/avrxmega2\libgcc.a(_exit.o)
 .text.libgcc.mul
                0x00000000        0x0 c:/program files (x86)/atmel/studio/7.0/toolchain/avr8/avr8-gnu-toolchain/bin/../lib/gcc/avr/4.9.2/avrxmega2\libgcc.a(_exit.o)
 .text.libgcc.div
                0x00000000        0x0 c:/program files (x86)/atmel/studio/7.0/toolchain/avr8/avr8-gnu-toolchain/bin/../lib/gcc/avr/4.9.2/avrxmega2\libgcc.a(_exit.o)
 .text.libgcc   0x00000000        0x0 c:/program files (x86)/atmel/studio/7.0/toolchain/avr8/avr8-gnu-toolchain/bin/../lib/gcc/avr/4.9.2/avrxmega2\libgcc.a(_exit.o)
 .text.libgcc.prologue
                0x00000000        0x0 c:/program files (x86)/atmel/studio/7.0/toolchain/avr8/avr8-gnu-toolchain/bin/../lib/gcc/avr/4.9.2/avrxmega2\libgcc.a(_exit.o)
 .text.libgcc.builtins
                0x00000000        0x0 c:/program files (x86)/atmel/studio/7.0/toolchain/avr8/avr8-gnu-toolchain/bin/../lib/gcc/avr/4.9.2/avrxmega2\libgcc.a(_exit.o)
 .text.libgcc.fmul
                0x00000000        0x0 c:/program files (x86)/atmel/studio/7.0/toolchain/avr8/avr8-gnu-toolchain/bin/../lib/gcc/avr/4.9.2/avrxmega2\libgcc.a(_exit.o)
 .text.libgcc.fixed
                0x00000000        0x0 c:/program files (x86)/atmel/studio/7.0/toolchain/avr8/avr8-gnu-toolchain/bin/../lib/gcc/avr/4.9.2/avrxmega2\libgcc.a(_exit.o)

Memory Configuration

Name             Origin             Length             Attributes
text             0x00000000         0x00100000         xr
data             0x00802000         0x0000ffa0         rw !x
eeprom           0x00810000         0x00010000         rw !x
fuse             0x00820000         0x00000400         rw !x
lock             0x00830000         0x00000400         rw !x
signature        0x00840000         0x00000400         rw !x
user_signatures  0x00850000         0x00000400         rw !x
*default*        0x00000000         0xffffffff

Linker script and memory map

LOAD C:/Program Files (x86)/Atmel/Studio/7.0/Packs/atmel/XMEGAD_DFP/1.0.29/gcc/dev/atxmega32d4/avrxmega2/crtatxmega32d4.o
LOAD src/ASF/common/services/ioport/xmega/ioport_compat.o
LOAD src/ASF/xmega/boards/stk600/rc044x/init.o
LOAD src/main.o
START GROUP
LOAD c:/program files (x86)/atmel/studio/7.0/toolchain/avr8/avr8-gnu-toolchain/bin/../lib/gcc/avr/4.9.2/../../../../avr/lib/avrxmega2\libm.a
END GROUP
Address of section .BOOT set to 0x8000
START GROUP
LOAD c:/program files (x86)/atmel/studio/7.0/toolchain/avr8/avr8-gnu-toolchain/bin/../lib/gcc/avr/4.9.2/avrxmega2\libgcc.a
LOAD c:/program files (x86)/atmel/studio/7.0/toolchain/avr8/avr8-gnu-toolchain/bin/../lib/gcc/avr/4.9.2/../../../../avr/lib/avrxmega2\libm.a
LOAD c:/program files (x86)/atmel/studio/7.0/toolchain/avr8/avr8-gnu-toolchain/bin/../lib/gcc/avr/4.9.2/../../../../avr/lib/avrxmega2\libc.a
LOAD C:/Program Files (x86)/Atmel/Studio/7.0/Packs/atmel/XMEGAD_DFP/1.0.29/gcc/dev/atxmega32d4/avrxmega2\libatxmega32d4.a
END GROUP

.hash
 *(.hash)

.dynsym
 *(.dynsym)

.dynstr
 *(.dynstr)

.gnu.version
 *(.gnu.version)

.gnu.version_d
 *(.gnu.version_d)

.gnu.version_r
 *(.gnu.version_r)

.rel.init
 *(.rel.init)

.rela.init
 *(.rela.init)

.rel.text
 *(.rel.text)
 *(.rel.text.*)
 *(.rel.gnu.linkonce.t*)

.rela.text
 *(.rela.text)
 *(.rela.text.*)
 *(.rela.gnu.linkonce.t*)

.rel.fini
 *(.rel.fini)

.rela.fini
 *(.rela.fini)

.rel.rodata
 *(.rel.rodata)
 *(.rel.rodata.*)
 *(.rel.gnu.linkonce.r*)

.rela.rodata
 *(.rela.rodata)
 *(.rela.rodata.*)
 *(.rela.gnu.linkonce.r*)

.rel.data
 *(.rel.data)
 *(.rel.data.*)
 *(.rel.gnu.linkonce.d*)

.rela.data
 *(.rela.data)
 *(.rela.data.*)
 *(.rela.gnu.linkonce.d*)

.rel.ctors
 *(.rel.ctors)

.rela.ctors
 *(.rela.ctors)

.rel.dtors
 *(.rel.dtors)

.rela.dtors
 *(.rela.dtors)

.rel.got
 *(.rel.got)

.rela.got
 *(.rela.got)

.rel.bss
 *(.rel.bss)

.rela.bss
 *(.rela.bss)

.rel.plt
 *(.rel.plt)

.rela.plt
 *(.rela.plt)

.text           0x00000000      0x28e
 *(.vectors)
 .vectors       0x00000000      0x16c C:/Program Files (x86)/Atmel/Studio/7.0/Packs/atmel/XMEGAD_DFP/1.0.29/gcc/dev/atxmega32d4/avrxmega2/crtatxmega32d4.o
                0x00000000                __vector_default
                0x00000000                __vectors
 *(.vectors)
 *(.progmem.gcc*)
                0x0000016c                . = ALIGN (0x2)
                0x0000016c                __trampolines_start = .
 *(.trampolines)
 .trampolines   0x0000016c        0x0 linker stubs
 *(.trampolines*)
                0x0000016c                __trampolines_end = .
 *(.progmem*)
                0x0000016c                . = ALIGN (0x2)
 *(.jumptables)
 *(.jumptables*)
 *(.lowtext)
 *(.lowtext*)
                0x0000016c                __ctors_start = .
 *(.ctors)
                0x0000016c                __ctors_end = .
                0x0000016c                __dtors_start = .
 *(.dtors)
                0x0000016c                __dtors_end = .
 SORT(*)(.ctors)
 SORT(*)(.dtors)
 *(.init0)
 .init0         0x0000016c        0x0 C:/Program Files (x86)/Atmel/Studio/7.0/Packs/atmel/XMEGAD_DFP/1.0.29/gcc/dev/atxmega32d4/avrxmega2/crtatxmega32d4.o
                0x0000016c                __init
 *(.init0)
 *(.init1)
 *(.init1)
 *(.init2)
 .init2         0x0000016c        0xc C:/Program Files (x86)/Atmel/Studio/7.0/Packs/atmel/XMEGAD_DFP/1.0.29/gcc/dev/atxmega32d4/avrxmega2/crtatxmega32d4.o
 *(.init2)
 *(.init3)
 *(.init3)
 *(.init4)
 *(.init4)
 *(.init5)
 *(.init5)
 *(.init6)
 *(.init6)
 *(.init7)
 *(.init7)
 *(.init8)
 *(.init8)
 *(.init9)
 .init9         0x00000178        0x4 C:/Program Files (x86)/Atmel/Studio/7.0/Packs/atmel/XMEGAD_DFP/1.0.29/gcc/dev/atxmega32d4/avrxmega2/crtatxmega32d4.o
 *(.init9)
 *(.text)
 .text          0x0000017c        0x2 C:/Program Files (x86)/Atmel/Studio/7.0/Packs/atmel/XMEGAD_DFP/1.0.29/gcc/dev/atxmega32d4/avrxmega2/crtatxmega32d4.o
                0x0000017c                __vector_38
                0x0000017c                __vector_22
                0x0000017c                __vector_63
                0x0000017c                __vector_28
                0x0000017c                __vector_67
                0x0000017c                __vector_1
                0x0000017c                __vector_32
                0x0000017c                __vector_75
                0x0000017c                __vector_71
                0x0000017c                __vector_34
                0x0000017c                __vector_62
                0x0000017c                __vector_77
                0x0000017c                __vector_24
                0x0000017c                __vector_12
                0x0000017c                __vector_55
                0x0000017c                __vector_69
                0x0000017c                __vector_81
                0x0000017c                __vector_90
                0x0000017c                __vector_46
                0x0000017c                __bad_interrupt
                0x0000017c                __vector_72
                0x0000017c                __vector_6
                0x0000017c                __vector_31
                0x0000017c                __vector_35
                0x0000017c                __vector_78
                0x0000017c                __vector_74
                0x0000017c                __vector_39
                0x0000017c                __vector_3
                0x0000017c                __vector_23
                0x0000017c                __vector_68
                0x0000017c                __vector_30
                0x0000017c                __vector_73
                0x0000017c                __vector_45
                0x0000017c                __vector_25
                0x0000017c                __vector_61
                0x0000017c                __vector_11
                0x0000017c                __vector_54
                0x0000017c                __vector_13
                0x0000017c                __vector_17
                0x0000017c                __vector_19
                0x0000017c                __vector_56
                0x0000017c                __vector_7
                0x0000017c                __vector_49
                0x0000017c                __vector_41
                0x0000017c                __vector_86
                0x0000017c                __vector_64
                0x0000017c                __vector_88
                0x0000017c                __vector_43
                0x0000017c                __vector_27
                0x0000017c                __vector_5
                0x0000017c                __vector_33
                0x0000017c                __vector_76
                0x0000017c                __vector_47
                0x0000017c                __vector_52
                0x0000017c                __vector_37
                0x0000017c                __vector_89
                0x0000017c                __vector_4
                0x0000017c                __vector_44
                0x0000017c                __vector_82
                0x0000017c                __vector_51
                0x0000017c                __vector_9
                0x0000017c                __vector_2
                0x0000017c                __vector_21
                0x0000017c                __vector_15
                0x0000017c                __vector_66
                0x0000017c                __vector_36
                0x0000017c                __vector_79
                0x0000017c                __vector_58
                0x0000017c                __vector_70
                0x0000017c                __vector_83
                0x0000017c                __vector_29
                0x0000017c                __vector_60
                0x0000017c                __vector_40
                0x0000017c                __vector_85
                0x0000017c                __vector_8
                0x0000017c                __vector_26
                0x0000017c                __vector_48
                0x0000017c                __vector_80
                0x0000017c                __vector_14
                0x0000017c                __vector_84
                0x0000017c                __vector_57
                0x0000017c                __vector_53
                0x0000017c                __vector_10
                0x0000017c                __vector_50
                0x0000017c                __vector_16
                0x0000017c                __vector_59
                0x0000017c                __vector_18
                0x0000017c                __vector_20
                0x0000017c                __vector_42
                0x0000017c                __vector_87
                0x0000017c                __vector_65
                0x0000017e                . = ALIGN (0x2)
 *(.text.*)
 .text.ioport_configure_port_pin
                0x0000017e       0x50 src/ASF/common/services/ioport/xmega/ioport_compat.o
                0x0000017e                ioport_configure_port_pin
 .text.board_init
                0x000001ce       0x92 src/ASF/xmega/boards/stk600/rc044x/init.o
                0x000001ce                board_init
 .text.clock_internal_init
                0x00000260       0x20 src/main.o
                0x00000260                clock_internal_init
 .text.main     0x00000280        0xa src/main.o
                0x00000280                main
                0x0000028a                . = ALIGN (0x2)
 *(.fini9)
 .fini9         0x0000028a        0x0 c:/program files (x86)/atmel/studio/7.0/toolchain/avr8/avr8-gnu-toolchain/bin/../lib/gcc/avr/4.9.2/avrxmega2\libgcc.a(_exit.o)
                0x0000028a                _exit
                0x0000028a                exit
 *(.fini9)
 *(.fini8)
 *(.fini8)
 *(.fini7)
 *(.fini7)
 *(.fini6)
 *(.fini6)
 *(.fini5)
 *(.fini5)
 *(.fini4)
 *(.fini4)
 *(.fini3)
 *(.fini3)
 *(.fini2)
 *(.fini2)
 *(.fini1)
 *(.fini1)
 *(.fini0)
 .fini0         0x0000028a        0x4 c:/program files (x86)/atmel/studio/7.0/toolchain/avr8/avr8-gnu-toolchain/bin/../lib/gcc/avr/4.9.2/avrxmega2\libgcc.a(_exit.o)
 *(.fini0)
                0x0000028e                _etext = .

.data           0x00802000        0x0 load address 0x0000028e
                0x00802000                PROVIDE (__data_start, .)
 *(.data)
 *(.data*)
 *(.rodata)
 *(.rodata*)
 *(.gnu.linkonce.d*)
                0x00802000                . = ALIGN (0x2)
                0x00802000                _edata = .
                0x00802000                PROVIDE (__data_end, .)

.bss            0x00802000        0x0
                0x00802000                PROVIDE (__bss_start, .)
 *(.bss)
 *(.bss*)
 *(COMMON)
                0x00802000                PROVIDE (__bss_end, .)
                0x0000028e                __data_load_start = LOADADDR (.data)
                0x0000028e                __data_load_end = (__data_load_start + SIZEOF (.data))

.noinit         0x00802000        0x0
                0x00802000                PROVIDE (__noinit_start, .)
 *(.noinit*)
                0x00802000                PROVIDE (__noinit_end, .)
                0x00802000                _end = .
                0x00802000                PROVIDE (__heap_start, .)

.eeprom         0x00810000        0x0
 *(.eeprom*)
                0x00810000                __eeprom_end = .

.fuse
 *(.fuse)
 *(.lfuse)
 *(.hfuse)
 *(.efuse)

.lock
 *(.lock*)

.signature
 *(.signature*)

.user_signatures
 *(.user_signatures*)

.stab
 *(.stab)

.stabstr
 *(.stabstr)

.stab.excl
 *(.stab.excl)

.stab.exclstr
 *(.stab.exclstr)

.stab.index
 *(.stab.index)

.stab.indexstr
 *(.stab.indexstr)

.comment        0x00000000       0x30
 *(.comment)
 .comment       0x00000000       0x30 src/ASF/common/services/ioport/xmega/ioport_compat.o
                                 0x31 (size before relaxing)
 .comment       0x00000030       0x31 src/ASF/xmega/boards/stk600/rc044x/init.o
 .comment       0x00000030       0x31 src/main.o

.note.gnu.avr.deviceinfo
                0x00000000       0x40
 .note.gnu.avr.deviceinfo
                0x00000000       0x40 C:/Program Files (x86)/Atmel/Studio/7.0/Packs/atmel/XMEGAD_DFP/1.0.29/gcc/dev/atxmega32d4/avrxmega2/crtatxmega32d4.o

.note.gnu.build-id
 *(.note.gnu.build-id)

.debug
 *(.debug)

.line
 *(.line)

.debug_srcinfo
 *(.debug_srcinfo)

.debug_sfnames
 *(.debug_sfnames)

.debug_aranges  0x00000000       0x68
 *(.debug_aranges)
 .debug_aranges
                0x00000000       0x20 src/ASF/common/services/ioport/xmega/ioport_compat.o
 .debug_aranges
                0x00000020       0x20 src/ASF/xmega/boards/stk600/rc044x/init.o
 .debug_aranges
                0x00000040       0x28 src/main.o

.debug_pubnames
 *(.debug_pubnames)

.debug_info     0x00000000      0x9de
 *(.debug_info .gnu.linkonce.wi.*)
 .debug_info    0x00000000      0x11d src/ASF/common/services/ioport/xmega/ioport_compat.o
 .debug_info    0x0000011d      0x6a8 src/ASF/xmega/boards/stk600/rc044x/init.o
 .debug_info    0x000007c5      0x219 src/main.o

.debug_abbrev   0x00000000      0x2e5
 *(.debug_abbrev)
 .debug_abbrev  0x00000000       0x93 src/ASF/common/services/ioport/xmega/ioport_compat.o
 .debug_abbrev  0x00000093      0x160 src/ASF/xmega/boards/stk600/rc044x/init.o
 .debug_abbrev  0x000001f3       0xf2 src/main.o

.debug_line     0x00000000      0xf82
 *(.debug_line .debug_line.* .debug_line_end)
 .debug_line    0x00000000      0x4b1 src/ASF/common/services/ioport/xmega/ioport_compat.o
 .debug_line    0x000004b1      0x4d0 src/ASF/xmega/boards/stk600/rc044x/init.o
 .debug_line    0x00000981      0x601 src/main.o

.debug_frame    0x00000000       0x88
 *(.debug_frame)
 .debug_frame   0x00000000       0x30 src/ASF/common/services/ioport/xmega/ioport_compat.o
 .debug_frame   0x00000030       0x24 src/ASF/xmega/boards/stk600/rc044x/init.o
 .debug_frame   0x00000054       0x34 src/main.o

.debug_str      0x00000000    0x20fe1
 *(.debug_str)
 .debug_str     0x00000000    0x1fab4 src/ASF/common/services/ioport/xmega/ioport_compat.o
                              0x1fe85 (size before relaxing)
 .debug_str     0x0001fab4      0xc77 src/ASF/xmega/boards/stk600/rc044x/init.o
                              0x20ac6 (size before relaxing)
 .debug_str     0x0002072b      0x8b6 src/main.o
                              0x21155 (size before relaxing)

.debug_loc      0x00000000       0x66
 *(.debug_loc)
 .debug_loc     0x00000000       0x66 src/ASF/common/services/ioport/xmega/ioport_compat.o

.debug_macinfo
 *(.debug_macinfo)

.debug_weaknames
 *(.debug_weaknames)

.debug_funcnames
 *(.debug_funcnames)

.debug_typenames
 *(.debug_typenames)

.debug_varnames
 *(.debug_varnames)

.debug_pubtypes
 *(.debug_pubtypes)

.debug_ranges   0x00000000       0x38
 *(.debug_ranges)
 .debug_ranges  0x00000000       0x10 src/ASF/common/services/ioport/xmega/ioport_compat.o
 .debug_ranges  0x00000010       0x10 src/ASF/xmega/boards/stk600/rc044x/init.o
 .debug_ranges  0x00000020       0x18 src/main.o

.debug_macro    0x00000000     0x7245
 *(.debug_macro)
 .debug_macro   0x00000000      0x193 src/ASF/common/services/ioport/xmega/ioport_compat.o
 .debug_macro   0x00000193      0xa5a src/ASF/common/services/ioport/xmega/ioport_compat.o
 .debug_macro   0x00000bed      0x621 src/ASF/common/services/ioport/xmega/ioport_compat.o
 .debug_macro   0x0000120e       0x10 src/ASF/common/services/ioport/xmega/ioport_compat.o
 .debug_macro   0x0000121e      0x1ad src/ASF/common/services/ioport/xmega/ioport_compat.o
 .debug_macro   0x000013cb      0x293 src/ASF/common/services/ioport/xmega/ioport_compat.o
 .debug_macro   0x0000165e       0x9e src/ASF/common/services/ioport/xmega/ioport_compat.o
 .debug_macro   0x000016fc     0x3c48 src/ASF/common/services/ioport/xmega/ioport_compat.o
 .debug_macro   0x00005344       0x9a src/ASF/common/services/ioport/xmega/ioport_compat.o
 .debug_macro   0x000053de       0xf1 src/ASF/common/services/ioport/xmega/ioport_compat.o
 .debug_macro   0x000054cf       0x34 src/ASF/common/services/ioport/xmega/ioport_compat.o
 .debug_macro   0x00005503       0x10 src/ASF/common/services/ioport/xmega/ioport_compat.o
 .debug_macro   0x00005513       0x18 src/ASF/common/services/ioport/xmega/ioport_compat.o
 .debug_macro   0x0000552b       0x5e src/ASF/common/services/ioport/xmega/ioport_compat.o
 .debug_macro   0x00005589       0x10 src/ASF/common/services/ioport/xmega/ioport_compat.o
 .debug_macro   0x00005599       0x22 src/ASF/common/services/ioport/xmega/ioport_compat.o
 .debug_macro   0x000055bb      0x166 src/ASF/common/services/ioport/xmega/ioport_compat.o
 .debug_macro   0x00005721       0x1c src/ASF/common/services/ioport/xmega/ioport_compat.o
 .debug_macro   0x0000573d       0x35 src/ASF/common/services/ioport/xmega/ioport_compat.o
 .debug_macro   0x00005772       0x66 src/ASF/common/services/ioport/xmega/ioport_compat.o
 .debug_macro   0x000057d8       0x97 src/ASF/common/services/ioport/xmega/ioport_compat.o
 .debug_macro   0x0000586f       0x17 src/ASF/common/services/ioport/xmega/ioport_compat.o
 .debug_macro   0x00005886      0x250 src/ASF/common/services/ioport/xmega/ioport_compat.o
 .debug_macro   0x00005ad6       0x76 src/ASF/common/services/ioport/xmega/ioport_compat.o
 .debug_macro   0x00005b4c       0x16 src/ASF/common/services/ioport/xmega/ioport_compat.o
 .debug_macro   0x00005b62      0x6e3 src/ASF/common/services/ioport/xmega/ioport_compat.o
 .debug_macro   0x00006245       0x10 src/ASF/common/services/ioport/xmega/ioport_compat.o
 .debug_macro   0x00006255      0x175 src/ASF/common/services/ioport/xmega/ioport_compat.o
 .debug_macro   0x000063ca       0x40 src/ASF/common/services/ioport/xmega/ioport_compat.o
 .debug_macro   0x0000640a       0x69 src/ASF/common/services/ioport/xmega/ioport_compat.o
 .debug_macro   0x00006473       0x32 src/ASF/common/services/ioport/xmega/ioport_compat.o
 .debug_macro   0x000064a5       0xe4 src/ASF/common/services/ioport/xmega/ioport_compat.o
 .debug_macro   0x00006589       0x7c src/ASF/common/services/ioport/xmega/ioport_compat.o
 .debug_macro   0x00006605      0x109 src/ASF/common/services/ioport/xmega/ioport_compat.o
 .debug_macro   0x0000670e      0x1ba src/ASF/xmega/boards/stk600/rc044x/init.o
 .debug_macro   0x000068c8      0x273 src/ASF/xmega/boards/stk600/rc044x/init.o
 .debug_macro   0x00006b3b       0x94 src/ASF/xmega/boards/stk600/rc044x/init.o
 .debug_macro   0x00006bcf      0x241 src/main.o
 .debug_macro   0x00006e10       0x40 src/main.o
 .debug_macro   0x00006e50      0x279 src/main.o
 .debug_macro   0x000070c9       0x1c src/main.o
 .debug_macro   0x000070e5      0x160 src/main.o
OUTPUT(Packman3.elf elf32-avr)
LOAD linker stubs

.BOOT           0x00008000        0x0
